{
  "success": false,
  "message": "Server error. Please try again."
}